Archive member included because of file (symbol)

contiki-sky.a(contiki-sky-pla)
                              obj_sky/contiki-sky-main.o (init_platform)
contiki-sky.a(button-sensor.o)
                              contiki-sky.a(contiki-sky-pla) (button_sensor)
contiki-sky.a(ds2411.o)       obj_sky/contiki-sky-main.o (ds2411_init)
contiki-sky.a(xmem.o)         obj_sky/contiki-sky-main.o (xmem_init)
contiki-sky.a(node-id.o)      obj_sky/contiki-sky-main.o (node_id_restore)
contiki-sky.a(sensors.o)      contiki-sky.a(button-sensor.o) (sensors_changed)
contiki-sky.a(cc2420.o)       obj_sky/contiki-sky-main.o (cc2420_set_pan_addr)
contiki-sky.a(cc2420-arch.o)  contiki-sky.a(cc2420.o) (cc2420_arch_init)
contiki-sky.a(uart1.o)        obj_sky/contiki-sky-main.o (uart1_active)
contiki-sky.a(uart1-putchar.o)
                              obj_sky/contiki-sky-main.o (putchar)
contiki-sky.a(msp430.o)       contiki-sky.a(uart1.o) (msp430_add_lpm_req)
contiki-sky.a(clock.o)        obj_sky/contiki-sky-main.o (clock_init)
contiki-sky.a(leds.o)         obj_sky/contiki-sky-main.o (leds_init)
contiki-sky.a(leds-arch.o)    contiki-sky.a(leds.o) (leds_arch_init)
contiki-sky.a(watchdog.o)     obj_sky/contiki-sky-main.o (watchdog_start)
contiki-sky.a(rtimer-arch.o)  obj_sky/contiki-sky-main.o (rtimer_arch_now)
contiki-sky.a(autostart.o)    obj_sky/contiki-sky-main.o (autostart_start)
contiki-sky.a(ctimer.o)       obj_sky/contiki-sky-main.o (ctimer_init)
contiki-sky.a(energest.o)     obj_sky/contiki-sky-main.o (energest_init)
contiki-sky.a(etimer.o)       contiki-sky.a(clock.o) (etimer_request_poll)
contiki-sky.a(process.o)      contiki-sky.a(ctimer.o) (process_current)
contiki-sky.a(rtimer.o)       obj_sky/contiki-sky-main.o (rtimer_init)
contiki-sky.a(timer.o)        obj_sky/contiki-sky-main.o (timer_set)
contiki-sky.a(serial-line.o)  obj_sky/contiki-sky-main.o (serial_line_input_byte)
contiki-sky.a(list.o)         contiki-sky.a(ctimer.o) (list_init)
contiki-sky.a(random.o)       obj_sky/contiki-sky-main.o (random_init)
contiki-sky.a(ringbuf.o)      contiki-sky.a(serial-line.o) (ringbuf_init)
contiki-sky.a(broadcast.o)    client-broadcast.co (broadcast_open)
contiki-sky.a(channel.o)      contiki-sky.a(broadcast.o) (channel_set_attributes)
contiki-sky.a(rime.o)         obj_sky/contiki-sky-main.o (rime_driver)
contiki-sky.a(csma.o)         obj_sky/contiki-sky-main.o (csma_driver)
contiki-sky.a(mac.o)          contiki-sky.a(csma.o) (mac_call_sent_callback)
contiki-sky.a(linkaddr.o)     obj_sky/contiki-sky-main.o (linkaddr_copy)
contiki-sky.a(packetbuf.o)    contiki-sky.a(rime.o) (packetbuf_compact)
contiki-sky.a(queuebuf.o)     contiki-sky.a(rime.o) (queuebuf_init)
contiki-sky.a(contikimac.o)   obj_sky/contiki-sky-main.o (contikimac_driver)
contiki-sky.a(contikimac-fram)
                              contiki-sky.a(contikimac.o) (contikimac_framer)
contiki-sky.a(nullsec.o)      obj_sky/contiki-sky-main.o (nullsec_driver)
contiki-sky.a(spi.o)          contiki-sky.a(xmem.o) (spi_init)
contiki-sky.a(compower.o)     contiki-sky.a(contikimac.o) (compower_accumulate)
contiki-sky.a(memb.o)         contiki-sky.a(csma.o) (memb_init)
contiki-sky.a(abc.o)          contiki-sky.a(broadcast.o) (abc_open)
contiki-sky.a(announcement.o)
                              contiki-sky.a(rime.o) (announcement_init)
contiki-sky.a(broadcast-annou)
                              contiki-sky.a(rime.o) (broadcast_announcement_init)
contiki-sky.a(chameleon.o)    contiki-sky.a(rime.o) (chameleon_init)
contiki-sky.a(framer-802154.o)
                              contiki-sky.a(contikimac-fram) (framer_802154)
contiki-sky.a(framer.o)       contiki-sky.a(framer-802154.o) (framer_canonical_create_and_secure)
contiki-sky.a(mac-sequence.o)
                              contiki-sky.a(contikimac.o) (mac_sequence_is_duplicate)
contiki-sky.a(chameleon-bitop)
                              contiki-sky.a(chameleon.o) (chameleon_bitopt)
contiki-sky.a(frame802154.o)  contiki-sky.a(framer-802154.o) (frame802154_hdrlen)
/usr/lib/gcc/msp430/4.6.3/mmpy-16/libgcc.a(_mulsi3.o)
                              contiki-sky.a(csma.o) (__mulsi3)
/usr/lib/gcc/msp430/4.6.3/mmpy-16/libgcc.a(_udivmod32.o)
                              obj_sky/contiki-sky-main.o (__udivsi3)
/usr/lib/gcc/msp430/4.6.3/../../../../msp430/lib/mmpy-16/libc.a(strncmp.o)
                              contiki-sky.a(sensors.o) (strncmp)
/usr/lib/gcc/msp430/4.6.3/../../../../msp430/lib/mmpy-16/libc.a(memcmp.o)
                              contiki-sky.a(linkaddr.o) (memcmp)
/usr/lib/gcc/msp430/4.6.3/../../../../msp430/lib/mmpy-16/libc.a(memcpy.o)
                              contiki-sky.a(packetbuf.o) (memcpy)
/usr/lib/gcc/msp430/4.6.3/../../../../msp430/lib/mmpy-16/libc.a(memset.o)
                              obj_sky/contiki-sky-main.o (memset)
/usr/lib/gcc/msp430/4.6.3/../../../../msp430/lib/mmpy-16/libc.a(printf.o)
                              obj_sky/contiki-sky-main.o (printf)
[...]
Memory Configuration

Name             Origin             Length             Attributes
sfr              0x00000000         0x00000010
peripheral_8bit  0x00000010         0x000000f0
peripheral_16bit 0x00000100         0x00000100
ram_mirror       0x00000200         0x00000800         xw
infomem          0x00001000         0x00000100
infob            0x00001000         0x00000080
infoa            0x00001080         0x00000080
ram              0x00001100         0x00002800         xw
rom              0x00004000         0x0000bfe0         xr
vectors          0x0000ffe0         0x00000020
bsl              0x00000000         0x00000000
infoc            0x00000000         0x00000000
infod            0x00000000         0x00000000
ram2             0x00000000         0x00000000         xw
usbram           0x00000000         0x00000000         xw
far_rom          0x00000000         0x00000000
*default*        0x00000000         0xffffffff

Linker script and memory map

LOAD /usr/lib/gcc/msp430/4.6.3/mmpy-16/crt0ivtbl16.o
LOAD client-broadcast.co
LOAD obj_sky/contiki-sky-main.o
LOAD contiki-sky.a
LOAD /usr/lib/gcc/msp430/4.6.3/mmpy-16/libgcc.a
LOAD /usr/lib/gcc/msp430/4.6.3/../../../../msp430/lib/mmpy-16/libc.a
LOAD /usr/lib/gcc/msp430/4.6.3/mmpy-16/libgcc.a
LOAD /usr/lib/gcc/msp430/4.6.3/mmpy-16/libcrt0.a
                0x00000080                PROVIDE (__info_segment_size, 0x80)
                0x00001000                PROVIDE (__infob, 0x1000)
                0x00001080                PROVIDE (__infoa, 0x1080)
                0x00000000                __IE1 = 0x0
                0x00000002                __IFG1 = 0x2
                0x00000004                __ME1 = 0x4
                0x00000001                __IE2 = 0x1
                0x00000003                __IFG2 = 0x3
                0x00000005                __ME2 = 0x5
                0x00000120                __WDTCTL = 0x120
                0x00000130                __MPY = 0x130
                0x00000132                __MPYS = 0x132
                0x00000134                __MAC = 0x134
                0x00000136                __MACS = 0x136
                0x00000138                __OP2 = 0x138
                0x0000013a                __RESLO = 0x13a
                0x0000013c                __RESHI = 0x13c
                0x0000013e                __SUMEXT = 0x13e
                0x00000020                __P1IN = 0x20
                0x00000021                __P1OUT = 0x21
                0x00000022                __P1DIR = 0x22
                0x00000023                __P1IFG = 0x23
                0x00000024                __P1IES = 0x24
                0x00000025                __P1IE = 0x25
                0x00000026                __P1SEL = 0x26
                0x00000028                __P2IN = 0x28
                0x00000029                __P2OUT = 0x29
                0x0000002a                __P2DIR = 0x2a
                0x0000002b                __P2IFG = 0x2b
                0x0000002c                __P2IES = 0x2c
                0x0000002d                __P2IE = 0x2d
                0x0000002e                __P2SEL = 0x2e
                0x00000018                __P3IN = 0x18
                0x00000019                __P3OUT = 0x19
                0x0000001a                __P3DIR = 0x1a
                0x0000001b                __P3SEL = 0x1b
                0x0000001c                __P4IN = 0x1c
                0x0000001d                __P4OUT = 0x1d
                0x0000001e                __P4DIR = 0x1e
                0x0000001f                __P4SEL = 0x1f
                0x00000030                __P5IN = 0x30
                0x00000031                __P5OUT = 0x31
                0x00000032                __P5DIR = 0x32
                0x00000033                __P5SEL = 0x33
                0x00000034                __P6IN = 0x34
                0x00000035                __P6OUT = 0x35
                0x00000036                __P6DIR = 0x36
                0x00000037                __P6SEL = 0x37
                0x00000070                __U0CTL = 0x70
                0x00000071                __U0TCTL = 0x71
                0x00000072                __U0RCTL = 0x72
                0x00000073                __U0MCTL = 0x73
                0x00000074                __U0BR0 = 0x74
                0x00000075                __U0BR1 = 0x75
                0x00000076                __U0RXBUF = 0x76
                0x00000077                __U0TXBUF = 0x77
                0x00000078                __U1CTL = 0x78
                0x00000079                __U1TCTL = 0x79
                0x0000007a                __U1RCTL = 0x7a
                0x0000007b                __U1MCTL = 0x7b
                0x0000007c                __U1BR0 = 0x7c
                0x0000007d                __U1BR1 = 0x7d
                0x0000007e                __U1RXBUF = 0x7e
                0x0000007f                __U1TXBUF = 0x7f
                0x00000050                __I2CIE = 0x50
                0x00000051                __I2CIFG = 0x51
                0x00000052                __I2CNDAT = 0x52
                0x00000071                __I2CTCTL = 0x71
                0x00000072                __I2CDCTL = 0x72
                0x00000073                __I2CPSC = 0x73
                0x00000074                __I2CSCLH = 0x74
                0x00000075                __I2CSCLL = 0x75
                0x00000076                __I2CDRB = 0x76
                0x00000076                __I2CDRW = 0x76
                0x00000118                __I2COA = 0x118
                0x0000011a                __I2CSA = 0x11a
                0x0000011c                __I2CIV = 0x11c
                0x0000012e                __TAIV = 0x12e
                0x00000160                __TACTL = 0x160
                0x00000162                __TACCTL0 = 0x162
                0x00000164                __TACCTL1 = 0x164
                0x00000166                __TACCTL2 = 0x166
                0x00000170                __TAR = 0x170
                0x00000172                __TACCR0 = 0x172
                0x00000174                __TACCR1 = 0x174
                0x00000176                __TACCR2 = 0x176
                0x0000011e                __TBIV = 0x11e
                0x00000180                __TBCTL = 0x180
                0x00000182                __TBCCTL0 = 0x182
                0x00000184                __TBCCTL1 = 0x184
                0x00000186                __TBCCTL2 = 0x186
                0x00000188                __TBCCTL3 = 0x188
                0x0000018a                __TBCCTL4 = 0x18a
                0x0000018c                __TBCCTL5 = 0x18c
                0x0000018e                __TBCCTL6 = 0x18e
                0x00000190                __TBR = 0x190
                0x00000192                __TBCCR0 = 0x192
                0x00000194                __TBCCR1 = 0x194
                0x00000196                __TBCCR2 = 0x196
                0x00000198                __TBCCR3 = 0x198
                0x0000019a                __TBCCR4 = 0x19a
                0x0000019c                __TBCCR5 = 0x19c
                0x0000019e                __TBCCR6 = 0x19e
                0x00000056                __DCOCTL = 0x56
                0x00000057                __BCSCTL1 = 0x57
                0x00000058                __BCSCTL2 = 0x58
                0x00000055                __SVSCTL = 0x55
                0x00000128                __FCTL1 = 0x128
                0x0000012a                __FCTL2 = 0x12a
                0x0000012c                __FCTL3 = 0x12c
                0x00000059                __CACTL1 = 0x59
                0x0000005a                __CACTL2 = 0x5a
                0x0000005b                __CAPD = 0x5b
                0x000001a0                __ADC12CTL0 = 0x1a0
                0x000001a2                __ADC12CTL1 = 0x1a2
                0x000001a4                __ADC12IFG = 0x1a4
                0x000001a6                __ADC12IE = 0x1a6
                0x000001a8                __ADC12IV = 0x1a8
                0x00000140                __ADC12MEM0 = 0x140
                0x00000142                __ADC12MEM1 = 0x142
                0x00000144                __ADC12MEM2 = 0x144
                0x00000146                __ADC12MEM3 = 0x146
                0x00000148                __ADC12MEM4 = 0x148
                0x0000014a                __ADC12MEM5 = 0x14a
                0x0000014c                __ADC12MEM6 = 0x14c
                0x0000014e                __ADC12MEM7 = 0x14e
                0x00000150                __ADC12MEM8 = 0x150
                0x00000152                __ADC12MEM9 = 0x152
                0x00000154                __ADC12MEM10 = 0x154
                0x00000156                __ADC12MEM11 = 0x156
                0x00000158                __ADC12MEM12 = 0x158
                0x0000015a                __ADC12MEM13 = 0x15a
                0x0000015c                __ADC12MEM14 = 0x15c
                0x0000015e                __ADC12MEM15 = 0x15e
                0x00000080                __ADC12MCTL0 = 0x80
                0x00000081                __ADC12MCTL1 = 0x81
                0x00000082                __ADC12MCTL2 = 0x82
                0x00000083                __ADC12MCTL3 = 0x83
                0x00000084                __ADC12MCTL4 = 0x84
                0x00000085                __ADC12MCTL5 = 0x85
                0x00000086                __ADC12MCTL6 = 0x86
                0x00000087                __ADC12MCTL7 = 0x87
                0x00000088                __ADC12MCTL8 = 0x88
                0x00000089                __ADC12MCTL9 = 0x89
                0x0000008a                __ADC12MCTL10 = 0x8a
                0x0000008b                __ADC12MCTL11 = 0x8b
                0x0000008c                __ADC12MCTL12 = 0x8c
                0x0000008d                __ADC12MCTL13 = 0x8d
                0x0000008e                __ADC12MCTL14 = 0x8e
                0x0000008f                __ADC12MCTL15 = 0x8f
                0x000001c0                __DAC12_0CTL = 0x1c0
                0x000001c2                __DAC12_1CTL = 0x1c2
                0x000001c8                __DAC12_0DAT = 0x1c8
                0x000001ca                __DAC12_1DAT = 0x1ca
                0x00000122                __DMACTL0 = 0x122
                0x00000124                __DMACTL1 = 0x124
                0x000001e0                __DMA0CTL = 0x1e0
                0x000001e8                __DMA1CTL = 0x1e8
                0x000001f0                __DMA2CTL = 0x1f0
                0x000001e2                __DMA0SA = 0x1e2
                0x000001e4                __DMA0DA = 0x1e4
                0x000001e6                __DMA0SZ = 0x1e6
                0x000001ea                __DMA1SA = 0x1ea
                0x000001ec                __DMA1DA = 0x1ec
                0x000001ee                __DMA1SZ = 0x1ee
                0x000001f2                __DMA2SA = 0x1f2
                0x000001f4                __DMA2DA = 0x1f4
                0x000001f6                __DMA2SZ = 0x1f6

.hash
 *(.hash)

.dynsym
 *(.dynsym)

.dynstr
 *(.dynstr)

.gnu.version
 *(.gnu.version)

.gnu.version_d
 *(.gnu.version_d)

.gnu.version_r
 *(.gnu.version_r)

.rel.init
 *(.rel.init)

.rela.init
 *(.rela.init)

.rel.fini
 *(.rel.fini)

.rela.fini
 *(.rela.fini)

.rel.text
 *(.rel.text .rel.text.* .rel.gnu.linkonce.t.*)

.rela.text
 *(.rela.text .rela.text.* .rela.gnu.linkonce.t.*)

.rel.rodata
 *(.rel.rodata .rel.rodata.* .rel.gnu.linkonce.r.*)

.rela.rodata
 *(.rela.rodata .rela.rodata.* .rela.gnu.linkonce.r.*)

.rel.data
 *(.rel.data .rel.data.* .rel.gnu.linkonce.d.*)

.rela.data
 *(.rela.data .rela.data.* .rela.gnu.linkonce.d.*)

.rel.bss
 *(.rel.bss .rel.bss.* .rel.gnu.linkonce.b.*)

.rela.bss
 *(.rela.bss .rela.bss.* .rela.gnu.linkonce.b.*)

.rel.ctors
 *(.rel.ctors)

.rela.ctors
 *(.rela.ctors)

.rel.dtors
 *(.rel.dtors)

.rela.dtors
 *(.rela.dtors)

.rel.got
 *(.rel.got)

.rela.got
 *(.rela.got)

.rel.plt
 *(.rel.plt)

.rela.plt
 *(.rela.plt)

.text           0x00004000     0x4e02
                0x00004000                . = ALIGN (0x2)
 *(.init .init.*)
 *(.init0)
 .init0         0x00004000        0x0 /usr/lib/gcc/msp430/4.6.3/mmpy-16/libcrt0.a(_reset_vector__.o)
                0x00004000                _reset_vector__
 *(.init1)
 .init1         0x00004000        0xc /usr/lib/gcc/msp430/4.6.3/mmpy-16/libcrt0.a(__watchdog_support.o)
                0x00004000                __watchdog_support
 *(.init2)
 .init2         0x0000400c        0x4 /usr/lib/gcc/msp430/4.6.3/mmpy-16/libcrt0.a(__init_stack.o)
                0x0000400c                __init_stack
 *(.init3)
 .init3         0x00004010        0x0 /usr/lib/gcc/msp430/4.6.3/mmpy-16/libcrt0.a(__low_level_init.o)
                0x00004010                __low_level_init
 *(.init4)
 .init4         0x00004010       0x18 /usr/lib/gcc/msp430/4.6.3/mmpy-16/libcrt0.a(_copy_data.o)
                0x00004010                __do_copy_data
 .init4         0x00004028       0x16 /usr/lib/gcc/msp430/4.6.3/mmpy-16/libcrt0.a(_clear_bss.o)
                0x00004028                __do_clear_bss
 *(.init5)
 *(.init6)
 *(.init7)
 *(.init8)
 *(.init9)
 .init9         0x0000403e      0x2d0 obj_sky/contiki-sky-main.o
                0x0000403e                main
 *(.fini9)
 .fini9         0x0000430e        0x0 /usr/lib/gcc/msp430/4.6.3/mmpy-16/libcrt0.a(__stop_progExec__.o)
                0x0000430e                __stop_progExec__
 *(.fini8)
 *(.fini7)
 *(.fini6)
 *(.fini5)
 *(.fini4)
 *(.fini3)
 *(.fini2)
 *(.fini1)
 *(.fini0)
 .fini0         0x0000430e        0x6 /usr/lib/gcc/msp430/4.6.3/mmpy-16/libcrt0.a(_endless_loop__.o)
                0x0000430e                _endless_loop__
 *(.fini .fini.*)
                0x00004314                . = ALIGN (0x2)
                0x00004314                __ctors_start = .
 *(.ctors)
                0x00004314                __ctors_end = .
                0x00004314                __dtors_start = .
 *(.dtors)
                0x00004314                __dtors_end = .
                0x00004314                . = ALIGN (0x2)
 *(.text .text.* .gnu.linkonce.t.*)
 .text          0x00004314        0x4 /usr/lib/gcc/msp430/4.6.3/mmpy-16/crt0ivtbl16.o
                0x00004314                __isr_14
                0x00004314                __isr_11
                0x00004314                __isr_2
                0x00004314                __isr_7
                0x00004314                __isr_0
                0x00004314                __isr_8
                0x00004314                __isr_3
                0x00004314                __isr_12
                0x00004314                __isr_13
                0x00004314                __isr_9
 .text.process_thread_example_broadcast_process
                0x00004318       0x92 client-broadcast.co
 .text.start_network_layer
                0x000043aa       0x3c obj_sky/contiki-sky-main.o
 .text.init_platform
                0x000043e6        0xc contiki-sky.a(contiki-sky-pla)
                0x000043e6                init_platform
 .text.status   0x000043f2       0x16 contiki-sky.a(button-sensor.o)
 .text.configure
                0x00004408       0x52 contiki-sky.a(button-sensor.o)
 .text.value    0x0000445a       0x22 contiki-sky.a(button-sensor.o)
 .text.irq_p2   0x0000447c       0x8a contiki-sky.a(button-sensor.o)
                0x0000447c                irq_p2
                0x0000447c                __isr_1
 .text.owreadb  0x00004506       0x52 contiki-sky.a(ds2411.o)
 .text.ds2411_init
                0x00004558      0x122 contiki-sky.a(ds2411.o)
                0x00004558                ds2411_init
 .text.wait_ready
                0x0000467a       0x50 contiki-sky.a(xmem.o)
 .text.xmem_init
                0x000046ca       0x3e contiki-sky.a(xmem.o)
                0x000046ca                xmem_init
 .text.xmem_pread
                0x00004708       0xea contiki-sky.a(xmem.o)
                0x00004708                xmem_pread
 .text.node_id_restore
                0x000047f2       0x38 contiki-sky.a(node-id.o)
                0x000047f2                node_id_restore
 .text.process_thread_sensors_process
                0x0000482a       0xbe contiki-sky.a(sensors.o)
 .text.sensors_changed
                0x000048e8       0x2a contiki-sky.a(sensors.o)
                0x000048e8                sensors_changed
 .text.get_object
                0x00004912        0x4 contiki-sky.a(cc2420.o)
 .text.set_object
                0x00004916        0x4 contiki-sky.a(cc2420.o)
 .text.strobe   0x0000491a       0x20 contiki-sky.a(cc2420.o)
 .text.getreg   0x0000493a       0x54 contiki-sky.a(cc2420.o)
 .text.setreg   0x0000498e       0x52 contiki-sky.a(cc2420.o)
 .text.write_ram
                0x000049e0       0x80 contiki-sky.a(cc2420.o)
 .text.write_fifo_buf
                0x00004a60       0x40 contiki-sky.a(cc2420.o)
 .text.get_status
                0x00004aa0       0x24 contiki-sky.a(cc2420.o)
 .text.set_txpower
                0x00004ac4       0x26 contiki-sky.a(cc2420.o)
 .text.cc2420_receiving_packet
                0x00004aea        0xe contiki-sky.a(cc2420.o)
 .text.pending_packet
                0x00004af8        0x8 contiki-sky.a(cc2420.o)
 .text.on       0x00004b00       0x1e contiki-sky.a(cc2420.o)
 .text.wait_for_transmission
                0x00004b1e       0x22 contiki-sky.a(cc2420.o)
 .text.wait_for_status
                0x00004b40       0x2a contiki-sky.a(cc2420.o)
 .text.getrxdata
                0x00004b6a       0x56 contiki-sky.a(cc2420.o)
 .text.flushrx  0x00004bc0       0x1a contiki-sky.a(cc2420.o)
 .text.off      0x00004bda       0x5a contiki-sky.a(cc2420.o)
 .text.RELEASE_LOCK
                0x00004c34       0x28 contiki-sky.a(cc2420.o)
 .text.set_key  0x00004c5c       0x18 contiki-sky.a(cc2420.o)
 .text.cc2420_prepare
                0x00004c74       0x3c contiki-sky.a(cc2420.o)
 .text.cc2420_on
                0x00004cb0       0x22 contiki-sky.a(cc2420.o)
                0x00004cb0                cc2420_on
 .text.cc2420_off
                0x00004cd2       0x30 contiki-sky.a(cc2420.o)
                0x00004cd2                cc2420_off
 .text.cc2420_cca
                0x00004d02       0x5e contiki-sky.a(cc2420.o)
 .text.cc2420_read
                0x00004d60       0xb0 contiki-sky.a(cc2420.o)
 .text.process_thread_cc2420_process
                0x00004e10       0x50 contiki-sky.a(cc2420.o)
 .text.encrypt  0x00004e60       0x8e contiki-sky.a(cc2420.o)
 .text.cc2420_set_channel
                0x00004eee       0x3c contiki-sky.a(cc2420.o)
                0x00004eee                cc2420_set_channel
 .text.cc2420_set_pan_addr
                0x00004f2a       0x4c contiki-sky.a(cc2420.o)
                0x00004f2a                cc2420_set_pan_addr
 .text.cc2420_interrupt
                0x00004f76       0x18 contiki-sky.a(cc2420.o)
                0x00004f76                cc2420_interrupt
 .text.cc2420_set_txpower
                0x00004f8e        0xe contiki-sky.a(cc2420.o)
                0x00004f8e                cc2420_set_txpower
 .text.cc2420_get_txpower
                0x00004f9c       0x1e contiki-sky.a(cc2420.o)
                0x00004f9c                cc2420_get_txpower
 .text.cc2420_transmit
                0x00004fba      0x12a contiki-sky.a(cc2420.o)
 .text.cc2420_send
                0x000050e4       0x12 contiki-sky.a(cc2420.o)
 .text.cc2420_rssi
                0x000050f6       0x4c contiki-sky.a(cc2420.o)
                0x000050f6                cc2420_rssi
 .text.get_value
                0x00005142       0xac contiki-sky.a(cc2420.o)
 .text.cc2420_set_cca_threshold
                0x000051ee       0x16 contiki-sky.a(cc2420.o)
                0x000051ee                cc2420_set_cca_threshold
 .text.set_value
                0x00005204       0x8a contiki-sky.a(cc2420.o)
 .text.cc2420_init
                0x0000528e       0xde contiki-sky.a(cc2420.o)
                0x0000528e                cc2420_init
 .text.cc2420_port1_interrupt
                0x0000536c       0x62 contiki-sky.a(cc2420-arch.o)
                0x0000536c                __isr_4
                0x0000536c                cc2420_port1_interrupt
 .text.cc2420_arch_init
                0x000053ce       0x1a contiki-sky.a(cc2420-arch.o)
                0x000053ce                cc2420_arch_init
 .text.handle_rxdma_timer
                0x000053e8       0x3a contiki-sky.a(uart1.o)
 .text.uart1_active
                0x00005422       0x1a contiki-sky.a(uart1.o)
                0x00005422                uart1_active
 .text.uart1_set_input
                0x0000543c       0x20 contiki-sky.a(uart1.o)
                0x0000543c                uart1_set_input
 .text.uart1_writeb
                0x0000545c       0x1a contiki-sky.a(uart1.o)
                0x0000545c                uart1_writeb
 .text.uart1_init
                0x00005476       0xf6 contiki-sky.a(uart1.o)
                0x00005476                uart1_init
 .text.putchar  0x0000556c       0x10 contiki-sky.a(uart1-putchar.o)
                0x0000556c                putchar
 .text.msp430_init_dco
                0x0000557c       0x84 contiki-sky.a(msp430.o)
                0x0000557c                msp430_init_dco
 .text.msp430_add_lpm_req
                0x00005600        0xc contiki-sky.a(msp430.o)
                0x00005600                msp430_add_lpm_req
 .text.msp430_cpu_init
                0x0000560c       0x2a contiki-sky.a(msp430.o)
                0x0000560c                msp430_cpu_init
 .text.splhigh_
                0x00005636        0x8 contiki-sky.a(msp430.o)
                0x00005636                splhigh_
 .text.msp430_sync_dco
                0x0000563e       0x68 contiki-sky.a(msp430.o)
                0x0000563e                msp430_sync_dco
 .text.timera1  0x000056a6      0x11e contiki-sky.a(clock.o)
                0x000056a6                __isr_5
                0x000056a6                timera1
 .text.clock_time
                0x000057c4       0x1a contiki-sky.a(clock.o)
                0x000057c4                clock_time
 .text.clock_init
                0x000057de       0x28 contiki-sky.a(clock.o)
                0x000057de                clock_init
 .text.clock_delay
                0x00005806        0xc contiki-sky.a(clock.o)
                0x00005806                clock_delay
 .text.show_leds
                0x00005812       0xf6 contiki-sky.a(leds.o)
 .text.leds_init
                0x00005908        0xa contiki-sky.a(leds.o)
                0x00005908                leds_init
 .text.leds_on  0x00005912        0xa contiki-sky.a(leds.o)
                0x00005912                leds_on
 .text.leds_off
                0x0000591c        0xe contiki-sky.a(leds.o)
                0x0000591c                leds_off
 .text.leds_arch_init
                0x0000592a        0xe contiki-sky.a(leds-arch.o)
                0x0000592a                leds_arch_init
 .text.leds_arch_set
                0x00005938       0x3a contiki-sky.a(leds-arch.o)
                0x00005938                leds_arch_set
 .text.watchdog_interrupt
                0x00005972        0x6 contiki-sky.a(watchdog.o)
                0x00005972                __isr_10
                0x00005972                watchdog_interrupt
 .text.watchdog_start
                0x00005978       0x14 contiki-sky.a(watchdog.o)
                0x00005978                watchdog_start
 .text.watchdog_periodic
                0x0000598c       0x12 contiki-sky.a(watchdog.o)
                0x0000598c                watchdog_periodic
 .text.watchdog_stop
                0x0000599e       0x16 contiki-sky.a(watchdog.o)
                0x0000599e                watchdog_stop
 .text.watchdog_init
                0x000059b4       0x14 contiki-sky.a(watchdog.o)
                0x000059b4                watchdog_init
 .text.rtimer_arch_init
                0x000059c8        0xe contiki-sky.a(rtimer-arch.o)
                0x000059c8                rtimer_arch_init
 .text.rtimer_arch_now
                0x000059d6        0xe contiki-sky.a(rtimer-arch.o)
                0x000059d6                rtimer_arch_now
 .text.timera0  0x000059e4       0x70 contiki-sky.a(rtimer-arch.o)
                0x000059e4                __isr_6
                0x000059e4                timera0
 .text.rtimer_arch_schedule
                0x00005a54        0x6 contiki-sky.a(rtimer-arch.o)
                0x00005a54                rtimer_arch_schedule
 .text.autostart_start
                0x00005a5a       0x16 contiki-sky.a(autostart.o)
                0x00005a5a                autostart_start
 .text.process_thread_ctimer_process
                0x00005a70       0xa4 contiki-sky.a(ctimer.o)
 .text.ctimer_init
                0x00005b14       0x18 contiki-sky.a(ctimer.o)
                0x00005b14                ctimer_init
 .text.ctimer_set
                0x00005b2c       0x50 contiki-sky.a(ctimer.o)
                0x00005b2c                ctimer_set
 .text.ctimer_reset
                0x00005b7c       0x30 contiki-sky.a(ctimer.o)
                0x00005b7c                ctimer_reset
 .text.ctimer_stop
                0x00005bac       0x28 contiki-sky.a(ctimer.o)
                0x00005bac                ctimer_stop
 .text.energest_init
                0x00005bd4       0x28 contiki-sky.a(energest.o)
                0x00005bd4                energest_init
 .text.energest_type_time
                0x00005bfc       0x46 contiki-sky.a(energest.o)
                0x00005bfc                energest_type_time
 .text.energest_type_set
                0x00005c42        0xe contiki-sky.a(energest.o)
                0x00005c42                energest_type_set
 .text.energest_flush
                0x00005c50       0x48 contiki-sky.a(energest.o)
                0x00005c50                energest_flush
 .text.update_time
                0x00005c98       0x78 contiki-sky.a(etimer.o)
 .text.etimer_request_poll
                0x00005d10        0xa contiki-sky.a(etimer.o)
                0x00005d10                etimer_request_poll
 .text.process_thread_etimer_process
                0x00005d1a       0xc8 contiki-sky.a(etimer.o)
 .text.add_timer
                0x00005de2       0x40 contiki-sky.a(etimer.o)
 .text.etimer_set
                0x00005e22       0x12 contiki-sky.a(etimer.o)
                0x00005e22                etimer_set
 .text.etimer_reset
                0x00005e34       0x12 contiki-sky.a(etimer.o)
                0x00005e34                etimer_reset
 .text.etimer_expired
                0x00005e46        0xe contiki-sky.a(etimer.o)
                0x00005e46                etimer_expired
 .text.etimer_pending
                0x00005e54        0xc contiki-sky.a(etimer.o)
                0x00005e54                etimer_pending
 .text.etimer_next_expiration_time
                0x00005e60       0x16 contiki-sky.a(etimer.o)
                0x00005e60                etimer_next_expiration_time
 .text.etimer_stop
                0x00005e76       0x3c contiki-sky.a(etimer.o)
                0x00005e76                etimer_stop
 .text.call_process
                0x00005eb2       0x4a contiki-sky.a(process.o)
 .text.exit_process
                0x00005efc       0x96 contiki-sky.a(process.o)
 .text.do_poll  0x00005f92       0x30 contiki-sky.a(process.o)
 .text.process_alloc_event
                0x00005fc2        0xe contiki-sky.a(process.o)
                0x00005fc2                process_alloc_event
 .text.process_init
                0x00005fd0       0x1c contiki-sky.a(process.o)
                0x00005fd0                process_init
 .text.process_run
                0x00005fec       0xa2 contiki-sky.a(process.o)
                0x00005fec                process_run
 .text.process_nevents
                0x0000608e        0xe contiki-sky.a(process.o)
                0x0000608e                process_nevents
 .text.process_post
                0x0000609c       0x54 contiki-sky.a(process.o)
                0x0000609c                process_post
 .text.process_post_synch
                0x000060f0       0x12 contiki-sky.a(process.o)
                0x000060f0                process_post_synch
 .text.process_start
                0x00006102       0x32 contiki-sky.a(process.o)
                0x00006102                process_start
 .text.process_poll
                0x00006134       0x18 contiki-sky.a(process.o)
                0x00006134                process_poll
 .text.rtimer_init
                0x0000614c        0x6 contiki-sky.a(rtimer.o)
                0x0000614c                rtimer_init
 .text.rtimer_set
                0x00006152       0x24 contiki-sky.a(rtimer.o)
                0x00006152                rtimer_set
 .text.rtimer_run_next
                0x00006176       0x26 contiki-sky.a(rtimer.o)
                0x00006176                rtimer_run_next
 .text.timer_set
                0x0000619c       0x1c contiki-sky.a(timer.o)
                0x0000619c                timer_set
 .text.timer_reset
                0x000061b8        0xe contiki-sky.a(timer.o)
                0x000061b8                timer_reset
 .text.timer_expired
                0x000061c6       0x2a contiki-sky.a(timer.o)
                0x000061c6                timer_expired
 .text.process_thread_serial_line_process
                0x000061f0       0x9c contiki-sky.a(serial-line.o)
 .text.serial_line_input_byte
                0x0000628c       0x4a contiki-sky.a(serial-line.o)
                0x0000628c                serial_line_input_byte
 .text.serial_line_init
                0x000062d6       0x1c contiki-sky.a(serial-line.o)
                0x000062d6                serial_line_init
 .text.list_init
                0x000062f2        0x6 contiki-sky.a(list.o)
                0x000062f2                list_init
 .text.list_head
                0x000062f8        0x4 contiki-sky.a(list.o)
                0x000062f8                list_head
 .text.list_tail
                0x000062fc       0x12 contiki-sky.a(list.o)
                0x000062fc                list_tail
 .text.list_remove
                0x0000630e       0x34 contiki-sky.a(list.o)
                0x0000630e                list_remove
 .text.list_push
                0x00006342       0x1a contiki-sky.a(list.o)
                0x00006342                list_push
 .text.list_add
                0x0000635c       0x2a contiki-sky.a(list.o)
                0x0000635c                list_add
 .text.list_length
                0x00006386       0x10 contiki-sky.a(list.o)
                0x00006386                list_length
 .text.list_item_next
                0x00006396        0xc contiki-sky.a(list.o)
                0x00006396                list_item_next
 .text.random_init
                0x000063a2        0x6 contiki-sky.a(random.o)
                0x000063a2                random_init
 .text.random_rand
                0x000063a8        0x6 contiki-sky.a(random.o)
                0x000063a8                random_rand
 .text.ringbuf_init
                0x000063ae       0x14 contiki-sky.a(ringbuf.o)
                0x000063ae                ringbuf_init
 .text.ringbuf_put
                0x000063c2       0x38 contiki-sky.a(ringbuf.o)
                0x000063c2                ringbuf_put
 .text.ringbuf_get
                0x000063fa       0x32 contiki-sky.a(ringbuf.o)
                0x000063fa                ringbuf_get
 .text.sent_by_abc
                0x0000642c       0x10 contiki-sky.a(broadcast.o)
 .text.recv_from_abc
                0x0000643c       0x26 contiki-sky.a(broadcast.o)
 .text.broadcast_open
                0x00006462       0x2a contiki-sky.a(broadcast.o)
                0x00006462                broadcast_open
 .text.broadcast_close
                0x0000648c        0x6 contiki-sky.a(broadcast.o)
                0x0000648c                broadcast_close
 .text.broadcast_send
                0x00006492       0x1a contiki-sky.a(broadcast.o)
                0x00006492                broadcast_send
 .text.channel_init
                0x000064ac        0xa contiki-sky.a(channel.o)
                0x000064ac                channel_init
 .text.channel_open
                0x000064b6       0x10 contiki-sky.a(channel.o)
                0x000064b6                channel_open
 .text.channel_close
                0x000064c6        0xc contiki-sky.a(channel.o)
                0x000064c6                channel_close
 .text.channel_lookup
                0x000064d2       0x20 contiki-sky.a(channel.o)
                0x000064d2                channel_lookup
 .text.channel_set_attributes
                0x000064f2       0x24 contiki-sky.a(channel.o)
                0x000064f2                channel_set_attributes
 .text.input    0x00006516       0x3a contiki-sky.a(rime.o)
 .text.init     0x00006550       0x2e contiki-sky.a(rime.o)
 .text.packet_sent
                0x0000657e       0x44 contiki-sky.a(rime.o)
 .text.rime_output
                0x000065c2       0x24 contiki-sky.a(rime.o)
                0x000065c2                rime_output
 .text.input_packet
                0x000065e6        0x6 contiki-sky.a(csma.o)
 .text.on       0x000065ec        0x6 contiki-sky.a(csma.o)
 .text.off      0x000065f2        0x6 contiki-sky.a(csma.o)
 .text.channel_check_interval
                0x000065f8       0x10 contiki-sky.a(csma.o)
 .text.transmit_packet_list
                0x00006608       0x24 contiki-sky.a(csma.o)
 .text.send_packet
                0x0000662c      0x184 contiki-sky.a(csma.o)
 .text.init     0x000067b0       0x1a contiki-sky.a(csma.o)
 .text.free_packet
                0x000067ca       0x98 contiki-sky.a(csma.o)
 .text.packet_sent
                0x00006862      0x12e contiki-sky.a(csma.o)
 .text.mac_call_sent_callback
                0x00006990       0x14 contiki-sky.a(mac.o)
                0x00006990                mac_call_sent_callback
 .text.linkaddr_copy
                0x000069a4        0xc contiki-sky.a(linkaddr.o)
                0x000069a4                linkaddr_copy
 .text.linkaddr_cmp
                0x000069b0       0x12 contiki-sky.a(linkaddr.o)
                0x000069b0                linkaddr_cmp
 .text.linkaddr_set_node_addr
                0x000069c2        0xc contiki-sky.a(linkaddr.o)
                0x000069c2                linkaddr_set_node_addr
 .text.packetbuf_compact
                0x000069ce       0x2e contiki-sky.a(packetbuf.o)
                0x000069ce                packetbuf_compact
 .text.packetbuf_copyto
                0x000069fc       0x52 contiki-sky.a(packetbuf.o)
                0x000069fc                packetbuf_copyto
 .text.packetbuf_hdrreduce
                0x00006a4e       0x1a contiki-sky.a(packetbuf.o)
                0x00006a4e                packetbuf_hdrreduce
 .text.packetbuf_set_datalen
                0x00006a68        0x6 contiki-sky.a(packetbuf.o)
                0x00006a68                packetbuf_set_datalen
 .text.packetbuf_dataptr
                0x00006a6e        0xe contiki-sky.a(packetbuf.o)
                0x00006a6e                packetbuf_dataptr
 .text.packetbuf_hdrptr
                0x00006a7c        0xa contiki-sky.a(packetbuf.o)
                0x00006a7c                packetbuf_hdrptr
 .text.packetbuf_datalen
                0x00006a86        0x6 contiki-sky.a(packetbuf.o)
                0x00006a86                packetbuf_datalen
 .text.packetbuf_hdrlen
                0x00006a8c       0x10 contiki-sky.a(packetbuf.o)
                0x00006a8c                packetbuf_hdrlen
 .text.packetbuf_totlen
                0x00006a9c        0xc contiki-sky.a(packetbuf.o)
                0x00006a9c                packetbuf_totlen
 .text.packetbuf_hdralloc
                0x00006aa8       0x2e contiki-sky.a(packetbuf.o)
                0x00006aa8                packetbuf_hdralloc
 .text.packetbuf_attr_clear
                0x00006ad6       0x2c contiki-sky.a(packetbuf.o)
                0x00006ad6                packetbuf_attr_clear
 .text.packetbuf_clear
                0x00006b02       0x1a contiki-sky.a(packetbuf.o)
                0x00006b02                packetbuf_clear
 .text.packetbuf_copyfrom
                0x00006b1c       0x2e contiki-sky.a(packetbuf.o)
                0x00006b1c                packetbuf_copyfrom
 .text.packetbuf_attr_copyto
                0x00006b4a       0x20 contiki-sky.a(packetbuf.o)
                0x00006b4a                packetbuf_attr_copyto
 .text.packetbuf_attr_copyfrom
                0x00006b6a       0x22 contiki-sky.a(packetbuf.o)
                0x00006b6a                packetbuf_attr_copyfrom
 .text.packetbuf_holds_broadcast
                0x00006b8c        0xe contiki-sky.a(packetbuf.o)
                0x00006b8c                packetbuf_holds_broadcast
 .text.queuebuf_init
                0x00006b9a       0x12 contiki-sky.a(queuebuf.o)
                0x00006b9a                queuebuf_init
 .text.queuebuf_new_from_packetbuf
                0x00006bac       0x52 contiki-sky.a(queuebuf.o)
                0x00006bac                queuebuf_new_from_packetbuf
 .text.queuebuf_update_attr_from_packetbuf
                0x00006bfe       0x12 contiki-sky.a(queuebuf.o)
                0x00006bfe                queuebuf_update_attr_from_packetbuf
 .text.queuebuf_update_from_packetbuf
                0x00006c10       0x22 contiki-sky.a(queuebuf.o)
                0x00006c10                queuebuf_update_from_packetbuf
 .text.queuebuf_free
                0x00006c32       0x2a contiki-sky.a(queuebuf.o)
                0x00006c32                queuebuf_free
 .text.queuebuf_to_packetbuf
                0x00006c5c       0x32 contiki-sky.a(queuebuf.o)
                0x00006c5c                queuebuf_to_packetbuf
 .text.queuebuf_attr
                0x00006c8e        0xe contiki-sky.a(queuebuf.o)
                0x00006c8e                queuebuf_attr
 .text.duty_cycle
                0x00006c9c        0x6 contiki-sky.a(contikimac.o)
 .text.init     0x00006ca2       0x2a contiki-sky.a(contikimac.o)
 .text.on       0x00006ccc       0x1a contiki-sky.a(contikimac.o)
 .text.off      0x00006ce6       0x22 contiki-sky.a(contikimac.o)
 .text.recv_burst_off
                0x00006d08        0xa contiki-sky.a(contikimac.o)
 .text.turn_off
                0x00006d12       0x20 contiki-sky.a(contikimac.o)
 .text.turn_on  0x00006d32       0x30 contiki-sky.a(contikimac.o)
 .text.schedule_powercycle_fixed.part.4
                0x00006d62       0x36 contiki-sky.a(contikimac.o)
 .text.powercycle_turn_radio_off
                0x00006d98       0x30 contiki-sky.a(contikimac.o)
 .text.powercycle
                0x00006dc8      0x1d2 contiki-sky.a(contikimac.o)
 .text.input_packet
                0x00006f9a       0xb2 contiki-sky.a(contikimac.o)
 .text.send_packet.isra.7
                0x0000704c      0x1ec contiki-sky.a(contikimac.o)
 .text.qsend_list
                0x00007238       0xc4 contiki-sky.a(contikimac.o)
 .text.qsend_packet
                0x000072fc       0x28 contiki-sky.a(contikimac.o)
 .text.hdr_length
                0x00007324        0x8 contiki-sky.a(contikimac-fram)
 .text.parse    0x0000732c       0x3e contiki-sky.a(contikimac-fram)
 .text.create   0x0000736a       0x2a contiki-sky.a(contikimac-fram)
 .text.create_and_secure
                0x00007394       0x6a contiki-sky.a(contikimac-fram)
 .text.bootstrap
                0x000073fe        0x4 contiki-sky.a(nullsec.o)
 .text.send     0x00007402        0xa contiki-sky.a(nullsec.o)
 .text.on_frame_created
                0x0000740c        0x4 contiki-sky.a(nullsec.o)
 .text.input    0x00007410        0x6 contiki-sky.a(nullsec.o)
 .text.get_overhead
                0x00007416        0x4 contiki-sky.a(nullsec.o)
 .text.spi_init
                0x0000741a       0x32 contiki-sky.a(spi.o)
                0x0000741a                spi_init
 .text.compower_accumulate
                0x0000744c       0x72 contiki-sky.a(compower.o)
                0x0000744c                compower_accumulate
 .text.compower_clear
                0x000074be       0x12 contiki-sky.a(compower.o)
                0x000074be                compower_clear
 .text.compower_attrconv
                0x000074d0       0x10 contiki-sky.a(compower.o)
                0x000074d0                compower_attrconv
 .text.memb_init
                0x000074e0       0x36 contiki-sky.a(memb.o)
                0x000074e0                memb_init
 .text.memb_alloc
                0x00007516       0x3e contiki-sky.a(memb.o)
                0x00007516                memb_alloc
 .text.memb_free
                0x00007554       0x3a contiki-sky.a(memb.o)
                0x00007554                memb_free
 .text.memb_inmemb
                0x0000758e       0x2e contiki-sky.a(memb.o)
                0x0000758e                memb_inmemb
 .text.abc_open
                0x000075bc       0x26 contiki-sky.a(abc.o)
                0x000075bc                abc_open
 .text.abc_close
                0x000075e2        0x6 contiki-sky.a(abc.o)
                0x000075e2                abc_close
 .text.abc_send
                0x000075e8        0x6 contiki-sky.a(abc.o)
                0x000075e8                abc_send
 .text.abc_input
                0x000075ee        0xe contiki-sky.a(abc.o)
                0x000075ee                abc_input
 .text.abc_sent
                0x000075fc       0x10 contiki-sky.a(abc.o)
                0x000075fc                abc_sent
 .text.announcement_init
                0x0000760c        0xa contiki-sky.a(announcement.o)
                0x0000760c                announcement_init
 .text.announcement_register_observer_callback
                0x00007616        0x6 contiki-sky.a(announcement.o)
                0x00007616                announcement_register_observer_callback
 .text.announcement_list
                0x0000761c        0xa contiki-sky.a(announcement.o)
                0x0000761c                announcement_list
 .text.announcement_heard
                0x00007626       0x42 contiki-sky.a(announcement.o)
                0x00007626                announcement_heard
 .text.adv_packet_sent
                0x00007668        0x2 contiki-sky.a(broadcast-annou)
 .text.adv_packet_received
                0x0000766a       0x66 contiki-sky.a(broadcast-annou)
 .text.set_timers
                0x000076d0       0x4a contiki-sky.a(broadcast-annou)
 .text.send_timer
                0x0000771a       0x36 contiki-sky.a(broadcast-annou)
 .text.new_announcement
                0x00007750       0x18 contiki-sky.a(broadcast-annou)
 .text.send_adv
                0x00007768       0x66 contiki-sky.a(broadcast-annou)
 .text.broadcast_announcement_init
                0x000077ce       0x48 contiki-sky.a(broadcast-annou)
                0x000077ce                broadcast_announcement_init
 .text.chameleon_init
                0x00007816        0x6 contiki-sky.a(chameleon.o)
                0x00007816                chameleon_init
 .text.chameleon_parse
                0x0000781c       0x10 contiki-sky.a(chameleon.o)
                0x0000781c                chameleon_parse
 .text.chameleon_create
                0x0000782c       0x1c contiki-sky.a(chameleon.o)
                0x0000782c                chameleon_create
 .text.chameleon_hdrsize
                0x00007848        0x6 contiki-sky.a(chameleon.o)
                0x00007848                chameleon_hdrsize
 .text.parse    0x0000784e       0x9e contiki-sky.a(framer-802154.o)
 .text.create_frame.isra.0
                0x000078ec      0x104 contiki-sky.a(framer-802154.o)
 .text.create   0x000079f0        0x8 contiki-sky.a(framer-802154.o)
 .text.hdr_length
                0x000079f8        0x8 contiki-sky.a(framer-802154.o)
 .text.framer_canonical_create_and_secure
                0x00007a00       0x20 contiki-sky.a(framer.o)
                0x00007a00                framer_canonical_create_and_secure
 .text.mac_sequence_is_duplicate
                0x00007a20       0x3c contiki-sky.a(mac-sequence.o)
                0x00007a20                mac_sequence_is_duplicate
 .text.mac_sequence_register_seqno
                0x00007a5c       0x64 contiki-sky.a(mac-sequence.o)
                0x00007a5c                mac_sequence_register_seqno
 .text.header_size
                0x00007ac0       0x16 contiki-sky.a(chameleon-bitop)
 .text.get_bits_in_byte
                0x00007ad6       0x3a contiki-sky.a(chameleon-bitop)
                0x00007ad6                get_bits_in_byte
 .text.get_bits
                0x00007b10       0xa4 contiki-sky.a(chameleon-bitop)
                0x00007b10                get_bits
 .text.unpack_header
                0x00007bb4       0xd6 contiki-sky.a(chameleon-bitop)
 .text.set_bits_in_byte
                0x00007c8a       0x2c contiki-sky.a(chameleon-bitop)
                0x00007c8a                set_bits_in_byte
 .text.set_bits
                0x00007cb6       0xd2 contiki-sky.a(chameleon-bitop)
                0x00007cb6                set_bits
 .text.pack_header
                0x00007d88       0xbc contiki-sky.a(chameleon-bitop)
 .text.field_len
                0x00007e44       0x98 contiki-sky.a(frame802154.o)
 .text.frame802154_hdrlen
                0x00007edc       0x2e contiki-sky.a(frame802154.o)
                0x00007edc                frame802154_hdrlen
 .text.frame802154_create
                0x00007f0a      0x146 contiki-sky.a(frame802154.o)
                0x00007f0a                frame802154_create
 .text.frame802154_parse
                0x00008050      0x1da contiki-sky.a(frame802154.o)
                0x00008050                frame802154_parse
 .text.libgcc   0x0000822a       0x2c /usr/lib/gcc/msp430/4.6.3/mmpy-16/libgcc.a(_mulsi3.o)
                0x0000822a                __mulsi3
 .text.libgcc   0x00008256       0x40 /usr/lib/gcc/msp430/4.6.3/mmpy-16/libgcc.a(_udivmod32.o)
                0x00008256                __udivsi3
                0x00008256                __ext_udivmod32
                0x0000828c                __umodsi3
 .text          0x00008296       0x20 /usr/lib/gcc/msp430/4.6.3/../../../../msp430/lib/mmpy-16/libc.a(memcmp.o)
                0x00008296                memcmp
 .text          0x000082b6       0xfa /usr/lib/gcc/msp430/4.6.3/../../../../msp430/lib/mmpy-16/libc.a(memcpy.o)
                0x000082b6                memcpy
 .text          0x000083b0       0x6a /usr/lib/gcc/msp430/4.6.3/../../../../msp430/lib/mmpy-16/libc.a(memset.o)
                0x000083b0                memset
 .text          0x0000841a       0x1e /usr/lib/gcc/msp430/4.6.3/../../../../msp430/lib/mmpy-16/libc.a(printf.o)
                0x0000841a                printf
                0x0000842a                vprintf
 .text          0x00008438      0x836 /usr/lib/gcc/msp430/4.6.3/../../../../msp430/lib/mmpy-16/libc.a(vuprintf.o)
                0x000085d0                vuprintf
 .text          0x00008c6e       0x2c /usr/lib/gcc/msp430/4.6.3/../../../../msp430/lib/mmpy-16/libc.a(puts.o)
                0x00008c6e                puts
 .text          0x00008c9a       0x54 /usr/lib/gcc/msp430/4.6.3/../../../../msp430/lib/mmpy-16/libc.a(rand.o)
                0x00008c9a                rand_r
                0x00008cbe                rand
                0x00008ce4                srand
 .text.libgcc   0x00008cee       0x22 /usr/lib/gcc/msp430/4.6.3/mmpy-16/libgcc.a(_udivmod16.o)
                0x00008cee                __udivhi3
                0x00008cee                __ext_udivmod16
                0x00008d08                __umodhi3
 .text.libgcc   0x00008d10       0xf0 /usr/lib/gcc/msp430/4.6.3/mmpy-16/libgcc.a(_udivmod64.o)
                0x00008d10                __xabi_udivmod64
                0x00008d6e                __udivdi3
                0x00008d94                __umoddi3
                0x00008dc2                __udivmoddi4
 .text.crt0     0x00008e00        0x2 /usr/lib/gcc/msp430/4.6.3/mmpy-16/libcrt0.a(_unexpected_.o)
                0x00008e00                _unexpected_
                0x00008e02                . = ALIGN (0x2)

.rodata         0x00008e02      0x238
                0x00008e02                . = ALIGN (0x2)
 *(.rodata .rodata.* .gnu.linkonce.r.*)
 .rodata        0x00008e02       0x2c client-broadcast.co
                0x00008e14                autostart_processes
 .rodata        0x00008e2e       0xe5 obj_sky/contiki-sky-main.o
 *fill*         0x00008f13        0x1 00
 .rodata        0x00008f14       0x10 contiki-sky.a(button-sensor.o)
                0x00008f1c                button_sensor
 .rodata        0x00008f24        0x8 contiki-sky.a(sensors.o)
 .rodata        0x00008f2c       0x5a contiki-sky.a(cc2420.o)
                0x00008f48                cc2420_aes_128_driver
                0x00008f4c                cc2420_driver
 .rodata        0x00008f86        0xf contiki-sky.a(ctimer.o)
 .rodata        0x00008f95        0xc contiki-sky.a(etimer.o)
 .rodata        0x00008fa1        0xe contiki-sky.a(serial-line.o)
 *fill*         0x00008faf        0x1 00
 .rodata        0x00008fb0        0x8 contiki-sky.a(broadcast.o)
 .rodata        0x00008fb8        0xc contiki-sky.a(rime.o)
                0x00008fbe                rime_driver
 .rodata        0x00008fc4       0x14 contiki-sky.a(csma.o)
                0x00008fca                csma_driver
 .rodata        0x00008fd8        0x2 contiki-sky.a(linkaddr.o)
                0x00008fd8                linkaddr_null
 .rodata        0x00008fda       0x1c contiki-sky.a(contikimac.o)
                0x00008fe6                contikimac_driver
 .rodata        0x00008ff6        0x8 contiki-sky.a(contikimac-fram)
                0x00008ff6                contikimac_framer
 .rodata        0x00008ffe       0x14 contiki-sky.a(nullsec.o)
                0x00009006                nullsec_driver
 .rodata        0x00009012        0x2 contiki-sky.a(abc.o)
 .rodata        0x00009014        0x4 contiki-sky.a(broadcast-annou)
 .rodata        0x00009018        0x8 contiki-sky.a(framer-802154.o)
                0x00009018                framer_802154
 .rodata        0x00009020       0x10 contiki-sky.a(chameleon-bitop)
                0x00009020                chameleon_bitopt
 .rodata        0x00009030        0x2 contiki-sky.a(frame802154.o)
 .rodata        0x00009032        0x7 /usr/lib/gcc/msp430/4.6.3/../../../../msp430/lib/mmpy-16/libc.a(vuprintf.o)
                0x0000903a                . = ALIGN (0x2)
 *fill*         0x00009039        0x1 00
                0x0000903a                _etext = .

.data           0x00001100       0x6e load address 0x0000903a
                0x00001100                . = ALIGN (0x2)
                0x00001100                PROVIDE (__data_start, .)
 *(.data .data.* .gnu.linkonce.d.*)
 .data          0x00001100        0xa client-broadcast.co
                0x00001100                example_broadcast_process
 .data          0x0000110a        0x4 contiki-sky.a(contiki-sky-pla)
                0x0000110a                sensors
 .data          0x0000110e        0xa contiki-sky.a(sensors.o)
                0x0000110e                sensors_process
 .data          0x00001118        0xa contiki-sky.a(cc2420.o)
                0x00001118                cc2420_process
 .data          0x00001122        0x2 contiki-sky.a(msp430.o)
 .data          0x00001124        0xa contiki-sky.a(ctimer.o)
                0x00001124                ctimer_process
 .data          0x0000112e        0xa contiki-sky.a(etimer.o)
                0x0000112e                etimer_process
 .data          0x00001138        0xa contiki-sky.a(serial-line.o)
                0x00001138                serial_line_process
 .data          0x00001142       0x18 contiki-sky.a(csma.o)
 .data          0x0000115a       0x10 contiki-sky.a(queuebuf.o)
 .data          0x0000116a        0x4 /usr/lib/gcc/msp430/4.6.3/../../../../msp430/lib/mmpy-16/libc.a(rand.o)
                0x0000116e                . = ALIGN (0x2)
                0x0000116e                _edata = .
                0x0000903a                PROVIDE (__data_load_start, LOADADDR (.data))
                0x0000006e                PROVIDE (__data_size, SIZEOF (.data))

.bss            0x0000116e     0x11c4 load address 0x000090a8
                0x0000116e                PROVIDE (__bss_start, .)
 *(.bss .bss.*)
 .bss           0x0000116e       0x18 client-broadcast.co
 .bss           0x00001186        0xc obj_sky/contiki-sky-main.o
 .bss           0x00001192        0x8 contiki-sky.a(button-sensor.o)
 .bss           0x0000119a        0x2 contiki-sky.a(node-id.o)
                0x0000119a                node_id
 .bss           0x0000119c        0x6 contiki-sky.a(sensors.o)
 .bss           0x000011a2        0x8 contiki-sky.a(cc2420.o)
 .bss           0x000011aa       0x9a contiki-sky.a(uart1.o)
 .bss           0x00001244        0xa contiki-sky.a(clock.o)
 .bss           0x0000124e        0x1 contiki-sky.a(leds.o)
 *fill*         0x0000124f        0x1 00
 .bss           0x00001250        0x2 contiki-sky.a(watchdog.o)
 .bss           0x00001252        0x4 contiki-sky.a(ctimer.o)
 .bss           0x00001256        0x6 contiki-sky.a(etimer.o)
 .bss           0x0000125c       0x42 contiki-sky.a(process.o)
                0x0000125c                process_current
                0x0000125e                process_list
 .bss           0x0000129e        0x2 contiki-sky.a(rtimer.o)
 .bss           0x000012a0      0x10a contiki-sky.a(serial-line.o)
 .bss           0x000013aa        0x2 contiki-sky.a(channel.o)
 .bss           0x000013ac        0x2 contiki-sky.a(rime.o)
 .bss           0x000013ae      0x128 contiki-sky.a(csma.o)
 .bss           0x000014d6       0xb8 contiki-sky.a(packetbuf.o)
 .bss           0x0000158e      0xc20 contiki-sky.a(queuebuf.o)
 .bss           0x000021ae       0x32 contiki-sky.a(contikimac.o)
 .bss           0x000021e0        0x8 contiki-sky.a(compower.o)
 .bss           0x000021e8        0x6 contiki-sky.a(announcement.o)
 .bss           0x000021ee       0x46 contiki-sky.a(broadcast-annou)
 .bss           0x00002234        0x2 contiki-sky.a(framer-802154.o)
 .bss           0x00002236       0x40 contiki-sky.a(mac-sequence.o)
 *(COMMON)
 COMMON         0x00002276        0x2 contiki-sky.a(contiki-sky-pla)
                0x00002276                sensors_flags
 COMMON         0x00002278        0x8 contiki-sky.a(ds2411.o)
                0x00002278                ds2411_id
 COMMON         0x00002280        0x1 contiki-sky.a(sensors.o)
                0x00002280                sensors_event
 *fill*         0x00002281        0x1 00
 COMMON         0x00002282       0x10 contiki-sky.a(cc2420.o)
                0x00002282                cc2420_last_rssi
                0x00002284                cc2420_sfd_start_time
                0x00002286                cc2420_time_of_departure
                0x00002288                cc2420_time_of_arrival
                0x0000228a                cc2420_last_correlation
                0x0000228c                cc2420_authority_level_of_sender
                0x0000228e                cc2420_sfd_counter
                0x00002290                cc2420_sfd_end_time
 COMMON         0x00002292        0x2 contiki-sky.a(msp430.o)
                0x00002292                msp430_dco_required
 COMMON         0x00002294       0x56 contiki-sky.a(energest.o)
                0x00002294                energest_total_time
                0x000022c4                energest_total_count
                0x000022c6                energest_current_mode
                0x000022d2                energest_current_time
 COMMON         0x000022ea        0x1 contiki-sky.a(process.o)
                0x000022ea                process_maxevents
 COMMON         0x000022eb        0x1 contiki-sky.a(serial-line.o)
                0x000022eb                serial_line_event_message
 COMMON         0x000022ec        0x2 contiki-sky.a(linkaddr.o)
                0x000022ec                linkaddr_node_addr
 COMMON         0x000022ee       0x3c contiki-sky.a(packetbuf.o)
                0x000022ee                packetbuf_addrs
                0x000022f6                packetbuf_attrs
 COMMON         0x0000232a        0x8 contiki-sky.a(compower.o)
                0x0000232a                compower_idle_activity
                0x00002332                . = ALIGN (0x2)
                0x00002332                PROVIDE (__bss_end, .)
                0x000011c4                PROVIDE (__bss_size, SIZEOF (.bss))

.noinit         0x00002332        0x2 load address 0x000090a8
                0x00002332                PROVIDE (__noinit_start, .)
 *(.noinit .noinit.*)
 .noinit.crt0   0x00002332        0x2 /usr/lib/gcc/msp430/4.6.3/mmpy-16/libcrt0.a(__watchdog_support.o)
                0x00002332                __wdt_clear_value
                0x00002334                . = ALIGN (0x2)
                0x00002334                PROVIDE (__noinit_end, .)
                0x00002334                . = ALIGN (0x2)
                0x00002334                _end = .

.infomem        0x00001000        0x0
 *(.infomem)
                0x00001000                . = ALIGN (0x2)
 *(.infomem.*)

.infomemnobits  0x00001000        0x0
 *(.infomemnobits)
                0x00001000                . = ALIGN (0x2)
 *(.infomemnobits.*)

.infoa
 *(.infoa .infoa.*)

.infob
 *(.infob .infob.*)

.infoc
 *(.infoc .infoc.*)

.infod
 *(.infod .infod.*)

.vectors        0x0000ffe0       0x20
                0x0000ffe0                PROVIDE (__vectors_start, .)
 *(.vectors*)
 .vectors       0x0000ffe0       0x20 /usr/lib/gcc/msp430/4.6.3/mmpy-16/crt0ivtbl16.o
                0x0000ffe0                __ivtbl_16
                0x00010000                _vectors_end = .

.fartext        0x00000000        0x0
                0x00000000                . = ALIGN (0x2)
 *(.fartext)
                0x00000000                . = ALIGN (0x2)
 *(.fartext.*)
                0x00000000                _efartext = .

.profiler
 *(.profiler)

.stab           0x00000000    0x19464
 *(.stab)
 .stab          0x00000000     0x11e8 client-broadcast.co
 .stab          0x000011e8     0x1074 obj_sky/contiki-sky-main.o
                               0x17ac (size before relaxing)
 .stab          0x0000225c      0x258 contiki-sky.a(contiki-sky-pla)
                                0x5b8 (size before relaxing)
 .stab          0x000024b4      0x468 contiki-sky.a(button-sensor.o)
                                0x7d4 (size before relaxing)
 .stab          0x0000291c      0x624 contiki-sky.a(ds2411.o)
                                0xb40 (size before relaxing)
 .stab          0x00002f40      0xa38 contiki-sky.a(xmem.o)
                                0xf60 (size before relaxing)
 .stab          0x00003978      0x2b8 contiki-sky.a(node-id.o)
                                0x4e0 (size before relaxing)
 .stab          0x00003c30      0x654 contiki-sky.a(sensors.o)
                                0xb70 (size before relaxing)
 .stab          0x00004284     0x234c contiki-sky.a(cc2420.o)
                               0x2cc4 (size before relaxing)
 .stab          0x000065d0      0x9d8 contiki-sky.a(cc2420-arch.o)
                               0x1404 (size before relaxing)
 .stab          0x00006fa8      0x60c contiki-sky.a(uart1.o)
                                0x960 (size before relaxing)
 .stab          0x000075b4      0x27c contiki-sky.a(uart1-putchar.o)
                                0x7bc (size before relaxing)
 .stab          0x00007830      0x744 contiki-sky.a(msp430.o)
                                0xa98 (size before relaxing)
 .stab          0x00007f74      0x948 contiki-sky.a(clock.o)
                                0xc9c (size before relaxing)
 .stab          0x000088bc      0x5dc contiki-sky.a(leds.o)
                                0x828 (size before relaxing)
 .stab          0x00008e98      0x3a8 contiki-sky.a(leds-arch.o)
                                0x6fc (size before relaxing)
 .stab          0x00009240      0x3fc contiki-sky.a(watchdog.o)
                                0x750 (size before relaxing)
 .stab          0x0000963c      0x3cc contiki-sky.a(rtimer-arch.o)
                                0x720 (size before relaxing)
 .stab          0x00009a08      0x294 contiki-sky.a(autostart.o)
                                0x534 (size before relaxing)
 .stab          0x00009c9c      0x7a4 contiki-sky.a(ctimer.o)
                                0xb10 (size before relaxing)
 .stab          0x0000a440      0x474 contiki-sky.a(energest.o)
                                0x6fc (size before relaxing)
 .stab          0x0000a8b4      0xa38 contiki-sky.a(etimer.o)
                                0xd08 (size before relaxing)
 .stab          0x0000b2ec      0xb7c contiki-sky.a(process.o)
                               0x1014 (size before relaxing)
 .stab          0x0000be68      0x3d8 contiki-sky.a(rtimer.o)
                                0x6c0 (size before relaxing)
 .stab          0x0000c240      0x354 contiki-sky.a(timer.o)
                                0x594 (size before relaxing)
 .stab          0x0000c594      0x534 contiki-sky.a(serial-line.o)
                                0xa50 (size before relaxing)
 .stab          0x0000cac8      0x7f8 contiki-sky.a(list.o)
                                0x804 (size before relaxing)
 .stab          0x0000d2c0      0x24c contiki-sky.a(random.o)
                                0x624 (size before relaxing)
 .stab          0x0000d50c      0x3fc contiki-sky.a(ringbuf.o)
                                0x63c (size before relaxing)
 .stab          0x0000d908      0x6d8 contiki-sky.a(broadcast.o)
                               0x150c (size before relaxing)
 .stab          0x0000dfe0      0x678 contiki-sky.a(channel.o)
                               0x129c (size before relaxing)
 .stab          0x0000e658      0xcd8 contiki-sky.a(rime.o)
                               0x141c (size before relaxing)
 .stab          0x0000f330      0xe04 contiki-sky.a(csma.o)
                               0x15b4 (size before relaxing)
 .stab          0x00010134      0x1f8 contiki-sky.a(mac.o)
                                0x4ec (size before relaxing)
 .stab          0x0001032c      0x2c4 contiki-sky.a(linkaddr.o)
                                0x6c0 (size before relaxing)
 .stab          0x000105f0      0xda4 contiki-sky.a(packetbuf.o)
                               0x1bf0 (size before relaxing)
 .stab          0x00011394      0xa5c contiki-sky.a(queuebuf.o)
                               0x1890 (size before relaxing)
 .stab          0x00011df0     0x16ec contiki-sky.a(contikimac.o)
                               0x22f8 (size before relaxing)
 .stab          0x000134dc      0x6e4 contiki-sky.a(contikimac-fram)
                                0xf24 (size before relaxing)
 .stab          0x00013bc0      0x6a8 contiki-sky.a(nullsec.o)
                                0xda4 (size before relaxing)
 .stab          0x00014268      0x204 contiki-sky.a(spi.o)
                                0x42c (size before relaxing)
 .stab          0x0001446c      0x51c contiki-sky.a(compower.o)
                                0xd20 (size before relaxing)
 .stab          0x00014988      0x5c4 contiki-sky.a(memb.o)
                                0xaf8 (size before relaxing)
 .stab          0x00014f4c      0x66c contiki-sky.a(abc.o)
                               0x14a0 (size before relaxing)
 .stab          0x000155b8      0x6e4 contiki-sky.a(announcement.o)
                                0x984 (size before relaxing)
 .stab          0x00015c9c      0x948 contiki-sky.a(broadcast-annou)
                               0x15c0 (size before relaxing)
 .stab          0x000165e4      0x594 contiki-sky.a(chameleon.o)
                               0x123c (size before relaxing)
 .stab          0x00016b78      0x930 contiki-sky.a(framer-802154.o)
                                0xf6c (size before relaxing)
 .stab          0x000174a8      0x318 contiki-sky.a(framer.o)
                                0xc54 (size before relaxing)
 .stab          0x000177c0      0x600 contiki-sky.a(mac-sequence.o)
                               0x144c (size before relaxing)
 .stab          0x00017dc0      0xd80 contiki-sky.a(chameleon-bitop)
                               0x19f8 (size before relaxing)
 .stab          0x00018b40      0x924 contiki-sky.a(frame802154.o)
                               0x10f8 (size before relaxing)

.stabstr        0x00000000    0x15699
 *(.stabstr)
 .stabstr       0x00000000    0x15699 client-broadcast.co

.stab.excl
 *(.stab.excl)

.stab.exclstr
 *(.stab.exclstr)

.stab.index
 *(.stab.index)

.stab.indexstr
 *(.stab.indexstr)

.comment
 *(.comment)

.debug
 *(.debug)

.line
 *(.line)

.debug_srcinfo
 *(.debug_srcinfo)

.debug_sfnames
 *(.debug_sfnames)

.debug_aranges  0x00000000      0x168
 *(.debug_aranges)
 .debug_aranges
                0x00000000       0x14 /usr/lib/gcc/msp430/4.6.3/mmpy-16/libgcc.a(_mulsi3.o)
 .debug_aranges
                0x00000014       0x14 /usr/lib/gcc/msp430/4.6.3/mmpy-16/libgcc.a(_udivmod32.o)
 .debug_aranges
                0x00000028       0x14 /usr/lib/gcc/msp430/4.6.3/../../../../msp430/lib/mmpy-16/libc.a(strncmp.o)
 .debug_aranges
                0x0000003c       0x14 /usr/lib/gcc/msp430/4.6.3/../../../../msp430/lib/mmpy-16/libc.a(memcmp.o)
 .debug_aranges
                0x00000050       0x14 /usr/lib/gcc/msp430/4.6.3/../../../../msp430/lib/mmpy-16/libc.a(memcpy.o)
 .debug_aranges
                0x00000064       0x14 /usr/lib/gcc/msp430/4.6.3/../../../../msp430/lib/mmpy-16/libc.a(memset.o)
 .debug_aranges
                0x00000078       0x14 /usr/lib/gcc/msp430/4.6.3/../../../../msp430/lib/mmpy-16/libc.a(printf.o)
 .debug_aranges
                0x0000008c       0x14 /usr/lib/gcc/msp430/4.6.3/../../../../msp430/lib/mmpy-16/libc.a(vuprintf.o)
 .debug_aranges
                0x000000a0       0x14 /usr/lib/gcc/msp430/4.6.3/../../../../msp430/lib/mmpy-16/libc.a(puts.o)
 .debug_aranges
                0x000000b4       0x14 /usr/lib/gcc/msp430/4.6.3/../../../../msp430/lib/mmpy-16/libc.a(rand.o)
 .debug_aranges
                0x000000c8       0x14 /usr/lib/gcc/msp430/4.6.3/mmpy-16/libgcc.a(_udivmod16.o)
 .debug_aranges
                0x000000dc       0x14 /usr/lib/gcc/msp430/4.6.3/mmpy-16/libgcc.a(_udivmod64.o)
 .debug_aranges
                0x000000f0       0x14 /usr/lib/gcc/msp430/4.6.3/mmpy-16/libcrt0.a(__watchdog_support.o)
 .debug_aranges
                0x00000104       0x14 /usr/lib/gcc/msp430/4.6.3/mmpy-16/libcrt0.a(__init_stack.o)
 .debug_aranges
                0x00000118       0x14 /usr/lib/gcc/msp430/4.6.3/mmpy-16/libcrt0.a(_copy_data.o)
 .debug_aranges
                0x0000012c       0x14 /usr/lib/gcc/msp430/4.6.3/mmpy-16/libcrt0.a(_clear_bss.o)
 .debug_aranges
                0x00000140       0x14 /usr/lib/gcc/msp430/4.6.3/mmpy-16/libcrt0.a(_endless_loop__.o)
 .debug_aranges
                0x00000154       0x14 /usr/lib/gcc/msp430/4.6.3/mmpy-16/libcrt0.a(_unexpected_.o)

.debug_pubnames
 *(.debug_pubnames)

.debug_info     0x00000000     0x139b
 *(.debug_info)
 .debug_info    0x00000000       0xd6 /usr/lib/gcc/msp430/4.6.3/mmpy-16/libgcc.a(_mulsi3.o)
 .debug_info    0x000000d6       0xd6 /usr/lib/gcc/msp430/4.6.3/mmpy-16/libgcc.a(_udivmod32.o)
 .debug_info    0x000001ac       0xbb /usr/lib/gcc/msp430/4.6.3/../../../../msp430/lib/mmpy-16/libc.a(strncmp.o)
 .debug_info    0x00000267       0xe8 /usr/lib/gcc/msp430/4.6.3/../../../../msp430/lib/mmpy-16/libc.a(memcmp.o)
 .debug_info    0x0000034f      0x113 /usr/lib/gcc/msp430/4.6.3/../../../../msp430/lib/mmpy-16/libc.a(memcpy.o)
 .debug_info    0x00000462       0xfe /usr/lib/gcc/msp430/4.6.3/../../../../msp430/lib/mmpy-16/libc.a(memset.o)
 .debug_info    0x00000560      0x105 /usr/lib/gcc/msp430/4.6.3/../../../../msp430/lib/mmpy-16/libc.a(printf.o)
 .debug_info    0x00000665      0x565 /usr/lib/gcc/msp430/4.6.3/../../../../msp430/lib/mmpy-16/libc.a(vuprintf.o)
 .debug_info    0x00000bca       0x96 /usr/lib/gcc/msp430/4.6.3/../../../../msp430/lib/mmpy-16/libc.a(puts.o)
 .debug_info    0x00000c60      0x13f /usr/lib/gcc/msp430/4.6.3/../../../../msp430/lib/mmpy-16/libc.a(rand.o)
 .debug_info    0x00000d9f       0xd6 /usr/lib/gcc/msp430/4.6.3/mmpy-16/libgcc.a(_udivmod16.o)
 .debug_info    0x00000e75       0xd6 /usr/lib/gcc/msp430/4.6.3/mmpy-16/libgcc.a(_udivmod64.o)
 .debug_info    0x00000f4b       0xb8 /usr/lib/gcc/msp430/4.6.3/mmpy-16/libcrt0.a(__watchdog_support.o)
 .debug_info    0x00001003       0xb8 /usr/lib/gcc/msp430/4.6.3/mmpy-16/libcrt0.a(__init_stack.o)
 .debug_info    0x000010bb       0xb8 /usr/lib/gcc/msp430/4.6.3/mmpy-16/libcrt0.a(_copy_data.o)
 .debug_info    0x00001173       0xb8 /usr/lib/gcc/msp430/4.6.3/mmpy-16/libcrt0.a(_clear_bss.o)
 .debug_info    0x0000122b       0xb8 /usr/lib/gcc/msp430/4.6.3/mmpy-16/libcrt0.a(_endless_loop__.o)
 .debug_info    0x000012e3       0xb8 /usr/lib/gcc/msp430/4.6.3/mmpy-16/libcrt0.a(_unexpected_.o)
 *(.gnu.linkonce.wi.*)

.debug_abbrev   0x00000000      0x721
 *(.debug_abbrev)
 .debug_abbrev  0x00000000       0x14 /usr/lib/gcc/msp430/4.6.3/mmpy-16/libgcc.a(_mulsi3.o)
 .debug_abbrev  0x00000014       0x14 /usr/lib/gcc/msp430/4.6.3/mmpy-16/libgcc.a(_udivmod32.o)
 .debug_abbrev  0x00000028       0x7c /usr/lib/gcc/msp430/4.6.3/../../../../msp430/lib/mmpy-16/libc.a(strncmp.o)
 .debug_abbrev  0x000000a4       0x9b /usr/lib/gcc/msp430/4.6.3/../../../../msp430/lib/mmpy-16/libc.a(memcmp.o)
 .debug_abbrev  0x0000013f       0x97 /usr/lib/gcc/msp430/4.6.3/../../../../msp430/lib/mmpy-16/libc.a(memcpy.o)
 .debug_abbrev  0x000001d6       0x9c /usr/lib/gcc/msp430/4.6.3/../../../../msp430/lib/mmpy-16/libc.a(memset.o)
 .debug_abbrev  0x00000272       0xd0 /usr/lib/gcc/msp430/4.6.3/../../../../msp430/lib/mmpy-16/libc.a(printf.o)
 .debug_abbrev  0x00000342      0x1ef /usr/lib/gcc/msp430/4.6.3/../../../../msp430/lib/mmpy-16/libc.a(vuprintf.o)
 .debug_abbrev  0x00000531       0x60 /usr/lib/gcc/msp430/4.6.3/../../../../msp430/lib/mmpy-16/libc.a(puts.o)
 .debug_abbrev  0x00000591       0xf0 /usr/lib/gcc/msp430/4.6.3/../../../../msp430/lib/mmpy-16/libc.a(rand.o)
 .debug_abbrev  0x00000681       0x14 /usr/lib/gcc/msp430/4.6.3/mmpy-16/libgcc.a(_udivmod16.o)
 .debug_abbrev  0x00000695       0x14 /usr/lib/gcc/msp430/4.6.3/mmpy-16/libgcc.a(_udivmod64.o)
 .debug_abbrev  0x000006a9       0x14 /usr/lib/gcc/msp430/4.6.3/mmpy-16/libcrt0.a(__watchdog_support.o)
 .debug_abbrev  0x000006bd       0x14 /usr/lib/gcc/msp430/4.6.3/mmpy-16/libcrt0.a(__init_stack.o)
 .debug_abbrev  0x000006d1       0x14 /usr/lib/gcc/msp430/4.6.3/mmpy-16/libcrt0.a(_copy_data.o)
 .debug_abbrev  0x000006e5       0x14 /usr/lib/gcc/msp430/4.6.3/mmpy-16/libcrt0.a(_clear_bss.o)
 .debug_abbrev  0x000006f9       0x14 /usr/lib/gcc/msp430/4.6.3/mmpy-16/libcrt0.a(_endless_loop__.o)
 .debug_abbrev  0x0000070d       0x14 /usr/lib/gcc/msp430/4.6.3/mmpy-16/libcrt0.a(_unexpected_.o)

.debug_line     0x00000000      0xc6f
 *(.debug_line)
 .debug_line    0x00000000       0xa3 /usr/lib/gcc/msp430/4.6.3/mmpy-16/libgcc.a(_mulsi3.o)
 .debug_line    0x000000a3       0xab /usr/lib/gcc/msp430/4.6.3/mmpy-16/libgcc.a(_udivmod32.o)
 .debug_line    0x0000014e       0x75 /usr/lib/gcc/msp430/4.6.3/../../../../msp430/lib/mmpy-16/libc.a(strncmp.o)
 .debug_line    0x000001c3       0x73 /usr/lib/gcc/msp430/4.6.3/../../../../msp430/lib/mmpy-16/libc.a(memcmp.o)
 .debug_line    0x00000236       0xe9 /usr/lib/gcc/msp430/4.6.3/../../../../msp430/lib/mmpy-16/libc.a(memcpy.o)
 .debug_line    0x0000031f       0xc8 /usr/lib/gcc/msp430/4.6.3/../../../../msp430/lib/mmpy-16/libc.a(memset.o)
 .debug_line    0x000003e7       0x72 /usr/lib/gcc/msp430/4.6.3/../../../../msp430/lib/mmpy-16/libc.a(printf.o)
 .debug_line    0x00000459      0x2d2 /usr/lib/gcc/msp430/4.6.3/../../../../msp430/lib/mmpy-16/libc.a(vuprintf.o)
 .debug_line    0x0000072b       0x4d /usr/lib/gcc/msp430/4.6.3/../../../../msp430/lib/mmpy-16/libc.a(puts.o)
 .debug_line    0x00000778       0x4f /usr/lib/gcc/msp430/4.6.3/../../../../msp430/lib/mmpy-16/libc.a(rand.o)
 .debug_line    0x000007c7       0x9c /usr/lib/gcc/msp430/4.6.3/mmpy-16/libgcc.a(_udivmod16.o)
 .debug_line    0x00000863       0xf1 /usr/lib/gcc/msp430/4.6.3/mmpy-16/libgcc.a(_udivmod64.o)
 .debug_line    0x00000954       0x84 /usr/lib/gcc/msp430/4.6.3/mmpy-16/libcrt0.a(__watchdog_support.o)
 .debug_line    0x000009d8       0x82 /usr/lib/gcc/msp430/4.6.3/mmpy-16/libcrt0.a(__init_stack.o)
 .debug_line    0x00000a5a       0x88 /usr/lib/gcc/msp430/4.6.3/mmpy-16/libcrt0.a(_copy_data.o)
 .debug_line    0x00000ae2       0x88 /usr/lib/gcc/msp430/4.6.3/mmpy-16/libcrt0.a(_clear_bss.o)
 .debug_line    0x00000b6a       0x83 /usr/lib/gcc/msp430/4.6.3/mmpy-16/libcrt0.a(_endless_loop__.o)
 .debug_line    0x00000bed       0x82 /usr/lib/gcc/msp430/4.6.3/mmpy-16/libcrt0.a(_unexpected_.o)

.debug_frame    0x00000000      0x1ec
 *(.debug_frame)
 .debug_frame   0x00000000       0x24 /usr/lib/gcc/msp430/4.6.3/../../../../msp430/lib/mmpy-16/libc.a(strncmp.o)
 .debug_frame   0x00000024       0x24 /usr/lib/gcc/msp430/4.6.3/../../../../msp430/lib/mmpy-16/libc.a(memcmp.o)
 .debug_frame   0x00000048       0x38 /usr/lib/gcc/msp430/4.6.3/../../../../msp430/lib/mmpy-16/libc.a(memcpy.o)
 .debug_frame   0x00000080       0x32 /usr/lib/gcc/msp430/4.6.3/../../../../msp430/lib/mmpy-16/libc.a(memset.o)
 .debug_frame   0x000000b2       0x2a /usr/lib/gcc/msp430/4.6.3/../../../../msp430/lib/mmpy-16/libc.a(printf.o)
 .debug_frame   0x000000dc       0xb0 /usr/lib/gcc/msp430/4.6.3/../../../../msp430/lib/mmpy-16/libc.a(vuprintf.o)
 .debug_frame   0x0000018c       0x24 /usr/lib/gcc/msp430/4.6.3/../../../../msp430/lib/mmpy-16/libc.a(puts.o)
 .debug_frame   0x000001b0       0x3c /usr/lib/gcc/msp430/4.6.3/../../../../msp430/lib/mmpy-16/libc.a(rand.o)

.debug_str      0x00000000      0x3dc
 *(.debug_str)
 .debug_str     0x00000000       0xc4 /usr/lib/gcc/msp430/4.6.3/../../../../msp430/lib/mmpy-16/libc.a(strncmp.o)
                                 0xfd (size before relaxing)
 .debug_str     0x000000c4       0x19 /usr/lib/gcc/msp430/4.6.3/../../../../msp430/lib/mmpy-16/libc.a(memcmp.o)
                                 0xfb (size before relaxing)
 .debug_str     0x000000dd       0x34 /usr/lib/gcc/msp430/4.6.3/../../../../msp430/lib/mmpy-16/libc.a(memcpy.o)
                                0x116 (size before relaxing)
 .debug_str     0x00000111       0x26 /usr/lib/gcc/msp430/4.6.3/../../../../msp430/lib/mmpy-16/libc.a(memset.o)
                                0x114 (size before relaxing)
 .debug_str     0x00000137       0x40 /usr/lib/gcc/msp430/4.6.3/../../../../msp430/lib/mmpy-16/libc.a(printf.o)
                                0x12a (size before relaxing)
 .debug_str     0x00000177      0x221 /usr/lib/gcc/msp430/4.6.3/../../../../msp430/lib/mmpy-16/libc.a(vuprintf.o)
                                0x375 (size before relaxing)
 .debug_str     0x00000398       0x15 /usr/lib/gcc/msp430/4.6.3/../../../../msp430/lib/mmpy-16/libc.a(puts.o)
                                 0xf0 (size before relaxing)
 .debug_str     0x000003ad       0x2f /usr/lib/gcc/msp430/4.6.3/../../../../msp430/lib/mmpy-16/libc.a(rand.o)
                                0x10f (size before relaxing)

.debug_loc      0x00000000      0xaf3
 *(.debug_loc)
 .debug_loc     0x00000000       0x38 /usr/lib/gcc/msp430/4.6.3/../../../../msp430/lib/mmpy-16/libc.a(strncmp.o)
 .debug_loc     0x00000038       0x5e /usr/lib/gcc/msp430/4.6.3/../../../../msp430/lib/mmpy-16/libc.a(memcmp.o)
 .debug_loc     0x00000096      0x1e9 /usr/lib/gcc/msp430/4.6.3/../../../../msp430/lib/mmpy-16/libc.a(memcpy.o)
 .debug_loc     0x0000027f       0xdb /usr/lib/gcc/msp430/4.6.3/../../../../msp430/lib/mmpy-16/libc.a(memset.o)
 .debug_loc     0x0000035a       0x38 /usr/lib/gcc/msp430/4.6.3/../../../../msp430/lib/mmpy-16/libc.a(printf.o)
 .debug_loc     0x00000392      0x70c /usr/lib/gcc/msp430/4.6.3/../../../../msp430/lib/mmpy-16/libc.a(vuprintf.o)
 .debug_loc     0x00000a9e       0x26 /usr/lib/gcc/msp430/4.6.3/../../../../msp430/lib/mmpy-16/libc.a(puts.o)
 .debug_loc     0x00000ac4       0x2f /usr/lib/gcc/msp430/4.6.3/../../../../msp430/lib/mmpy-16/libc.a(rand.o)

.debug_macinfo
 *(.debug_macinfo)

.debug_pubtypes
 *(.debug_pubtypes)

.debug_ranges   0x00000000       0x18
 *(.debug_ranges)
 .debug_ranges  0x00000000       0x18 /usr/lib/gcc/msp430/4.6.3/../../../../msp430/lib/mmpy-16/libc.a(vuprintf.o)
                0x00003900                PROVIDE (__stack, (ORIGIN (ram) + 0x2800))
                0x0000903a                PROVIDE (__data_start_rom, _etext)
                0x000090a8                PROVIDE (__data_end_rom, (_etext + SIZEOF (.data)))
OUTPUT(client-broadcast.sky elf32-msp430)
